
Discarded input sections

 .text          0x00000000        0x0 C:\Users\CARSON~1\AppData\Local\Temp\ccateOnJ.o
 .data          0x00000000        0x0 C:\Users\CARSON~1\AppData\Local\Temp\ccateOnJ.o
 .bss           0x00000000        0x0 C:\Users\CARSON~1\AppData\Local\Temp\ccateOnJ.o
 .text          0x00000000        0x0 C:\Users\CARSON~1\AppData\Local\Temp\cchGcBpA.o
 .data          0x00000000        0x0 C:\Users\CARSON~1\AppData\Local\Temp\cchGcBpA.o
 .bss           0x00000000        0x0 C:\Users\CARSON~1\AppData\Local\Temp\cchGcBpA.o
 .trap          0x00000000       0xac C:\Users\CARSON~1\AppData\Local\Temp\cchGcBpA.o
 .rodata        0x00000000       0x15 C:\Users\CARSON~1\AppData\Local\Temp\cchGcBpA.o
 .riscv.attributes
                0x00000000       0x31 C:\Users\CARSON~1\AppData\Local\Temp\cchGcBpA.o
 .text          0x00000000        0x0 C:\Users\CARSON~1\AppData\Local\Temp\ccCAnP4B.o
 .data          0x00000000        0x0 C:\Users\CARSON~1\AppData\Local\Temp\ccCAnP4B.o
 .bss           0x00000000        0x0 C:\Users\CARSON~1\AppData\Local\Temp\ccCAnP4B.o

Memory Configuration

Name             Origin             Length             Attributes
RAM              0x80000000         0x00010000         xrw
*default*        0x00000000         0xffffffff

Linker script and memory map

LOAD C:\Users\CARSON~1\AppData\Local\Temp\ccateOnJ.o
LOAD C:\Users\CARSON~1\AppData\Local\Temp\cchGcBpA.o
LOAD C:\Users\CARSON~1\AppData\Local\Temp\ccCAnP4B.o
START GROUP
LOAD c:/users/carson quesada/xpack-riscv-none-elf-gcc-11.5.0-2/bin/../lib/gcc/riscv-none-elf/11.5.0/../../../../riscv-none-elf/lib/rv32im/ilp32\libc.a
LOAD c:/users/carson quesada/xpack-riscv-none-elf-gcc-11.5.0-2/bin/../lib/gcc/riscv-none-elf/11.5.0/rv32im/ilp32\libgcc.a
END GROUP
                0x80000000                        . = ORIGIN (RAM)

.text           0x80000000     0x16e2
 *(.init)
 .init          0x80000000       0x2c C:\Users\CARSON~1\AppData\Local\Temp\ccateOnJ.o
                0x80000000                _start
 *(.text*)
 .text.putdec64
                0x8000002c       0x72 C:\Users\CARSON~1\AppData\Local\Temp\ccCAnP4B.o
 .text.measure_empty_loop
                0x8000009e       0x82 C:\Users\CARSON~1\AppData\Local\Temp\ccCAnP4B.o
 .text.wait_for_press_release.isra.0
                0x80000120       0x3e C:\Users\CARSON~1\AppData\Local\Temp\ccCAnP4B.o
 .text.puthex32
                0x8000015e       0x38 C:\Users\CARSON~1\AppData\Local\Temp\ccCAnP4B.o
                0x8000015e                puthex32
 .text.startup.main
                0x80000196     0x154c C:\Users\CARSON~1\AppData\Local\Temp\ccCAnP4B.o
                0x80000196                main
                0x800016e8                        . = ALIGN (0x8)

.rodata         0x800016e8      0x420
 *(.rodata*)
 .rodata.main.str1.4
                0x800016e8      0x37c C:\Users\CARSON~1\AppData\Local\Temp\ccCAnP4B.o
 *fill*         0x80001a64        0x4 
 .rodata.p10_64
                0x80001a68       0xa0 C:\Users\CARSON~1\AppData\Local\Temp\ccCAnP4B.o

.rela.dyn       0x80001b08        0x0
 .rela.init     0x80001b08        0x0 C:\Users\CARSON~1\AppData\Local\Temp\ccateOnJ.o

.data
 *(.data*)

.bss            0x80001b08      0x400
                0x80001b08                        __bss_start = .
 *(.bss*)
 .bss.buf.0     0x80001b08      0x400 C:\Users\CARSON~1\AppData\Local\Temp\ccCAnP4B.o
 *(COMMON)
                0x80001f08                        __bss_end = .
                0x80001f08                        . = ALIGN (0x4)
                0x80001f08                        _heap_start = .
                0x80010000                        _heap_end = (ORIGIN (RAM) + LENGTH (RAM))
                0x80010000                        _stack_top = (ORIGIN (RAM) + LENGTH (RAM))
                [!provide]                        PROVIDE (_end = _heap_start)
OUTPUT(prog.elf elf32-littleriscv)

.riscv.attributes
                0x00000000       0x33
 .riscv.attributes
                0x00000000       0x2d C:\Users\CARSON~1\AppData\Local\Temp\ccateOnJ.o
 .riscv.attributes
                0x0000002d       0x2f C:\Users\CARSON~1\AppData\Local\Temp\ccCAnP4B.o

.comment        0x00000000       0x33
 .comment       0x00000000       0x33 C:\Users\CARSON~1\AppData\Local\Temp\ccCAnP4B.o
                                 0x34 (size before relaxing)
